nouvelle session
ajoute candidat Adam
ajoute candidat Leo
ajoute candidat Raphael
ajoute formation Université Côte d'Azur (1 places)
ajoute formation Université de Toulon (1 places)
ajoute voeu de Adam pour Université Côte d'Azur (rang=1)
ajoute voeu de Leo pour Université Côte d'Azur (rang=1)
ajoute voeu de Raphael pour Université Côte d'Azur (rang=1)
ajoute voeu de Leo pour Université de Toulon (rang=2)
ajoute voeu de Raphael pour Université de Toulon (rang=2)
commission de classement de Université Côte d'Azur : [Adam; Leo; Raphael]
commission de classement de Université de Toulon : [Adam; Leo; Raphael]
réunit commissions
nouveau jour
Voeux en attente de Adam : {}
Propositions en attente de Adam : {Université Côte d'Azur}
Voeux en attente de Leo : {Université Côte d'Azur(0)}
Propositions en attente de Leo : {Université de Toulon}
Voeux en attente de Raphael : {Université Côte d'Azur(1), Université de Toulon(0)}
Propositions en attente de Raphael : {}
Adam renonce à Université Côte d'Azur
nouveau jour
Voeux en attente de Adam : {}
Propositions en attente de Adam : {}
Voeux en attente de Leo : {}
Propositions en attente de Leo : {Université Côte d'Azur}
Voeux en attente de Raphael : {Université Côte d'Azur(0)}
Propositions en attente de Raphael : {Université de Toulon}
